Category: 📺央视频道, Name: CCTV-1, Total: 48, Valid: 20, Valid Percent: 41.67%, IPv4: 48, IPv6: 0, Min Delay: 380 ms, Max Speed: 1.59 M/s, Avg Speed: 0.53 M/s, Max Resolution: 1920x1080
Category: 📺央视频道, Name: CCTV-2, Total: 50, Valid: 24, Valid Percent: 48.00%, IPv4: 50, IPv6: 0, Min Delay: 504 ms, Max Speed: 5.50 M/s, Avg Speed: 1.06 M/s, Max Resolution: 1920x1080
Category: 📺央视频道, Name: CCTV-3, Total: 53, Valid: 24, Valid Percent: 45.28%, IPv4: 53, IPv6: 0, Min Delay: 450 ms, Max Speed: 6.01 M/s, Avg Speed: 0.92 M/s, Max Resolution: 1920x1080
Category: 📺央视频道, Name: CCTV-4, Total: 56, Valid: 23, Valid Percent: 41.07%, IPv4: 56, IPv6: 0, Min Delay: 559 ms, Max Speed: 4.98 M/s, Avg Speed: 1.22 M/s, Max Resolution: 1920x1080
Category: 📺央视频道, Name: CCTV-5, Total: 55, Valid: 25, Valid Percent: 45.45%, IPv4: 55, IPv6: 0, Min Delay: 439 ms, Max Speed: 4.26 M/s, Avg Speed: 0.62 M/s, Max Resolution: 1920x1080
Category: 📺央视频道, Name: CCTV-5+, Total: 27, Valid: 11, Valid Percent: 40.74%, IPv4: 27, IPv6: 0, Min Delay: 453 ms, Max Speed: 1.61 M/s, Avg Speed: 0.36 M/s, Max Resolution: 1920x1080
Category: 📺央视频道, Name: CCTV-6, Total: 53, Valid: 24, Valid Percent: 45.28%, IPv4: 53, IPv6: 0, Min Delay: 451 ms, Max Speed: 7.25 M/s, Avg Speed: 1.04 M/s, Max Resolution: 1920x1080
Category: 📺央视频道, Name: CCTV-7, Total: 42, Valid: 17, Valid Percent: 40.48%, IPv4: 42, IPv6: 0, Min Delay: 430 ms, Max Speed: 6.51 M/s, Avg Speed: 1.47 M/s, Max Resolution: 1920x1080
Category: 📺央视频道, Name: CCTV-8, Total: 53, Valid: 28, Valid Percent: 52.83%, IPv4: 53, IPv6: 0, Min Delay: 475 ms, Max Speed: 5.78 M/s, Avg Speed: 1.25 M/s, Max Resolution: 1920x1080
Category: 📺央视频道, Name: CCTV-9, Total: 46, Valid: 20, Valid Percent: 43.48%, IPv4: 46, IPv6: 0, Min Delay: 415 ms, Max Speed: 6.50 M/s, Avg Speed: 1.15 M/s, Max Resolution: 1920x1080
Category: 📺央视频道, Name: CCTV-10, Total: 51, Valid: 24, Valid Percent: 47.06%, IPv4: 51, IPv6: 0, Min Delay: 473 ms, Max Speed: 2.02 M/s, Avg Speed: 0.57 M/s, Max Resolution: 1920x1080
Category: 📺央视频道, Name: CCTV-11, Total: 41, Valid: 17, Valid Percent: 41.46%, IPv4: 41, IPv6: 0, Min Delay: 710 ms, Max Speed: 4.47 M/s, Avg Speed: 0.82 M/s, Max Resolution: 1920x1080
Category: 📺央视频道, Name: CCTV-12, Total: 41, Valid: 19, Valid Percent: 46.34%, IPv4: 41, IPv6: 0, Min Delay: 614 ms, Max Speed: 3.26 M/s, Avg Speed: 0.77 M/s, Max Resolution: 1920x1080
Category: 📺央视频道, Name: CCTV-13, Total: 42, Valid: 19, Valid Percent: 45.24%, IPv4: 42, IPv6: 0, Min Delay: 708 ms, Max Speed: 5.75 M/s, Avg Speed: 1.30 M/s, Max Resolution: 1920x1080
Category: 📺央视频道, Name: CCTV-14, Total: 41, Valid: 18, Valid Percent: 43.90%, IPv4: 41, IPv6: 0, Min Delay: 456 ms, Max Speed: 3.62 M/s, Avg Speed: 1.31 M/s, Max Resolution: 1920x1080
Category: 📺央视频道, Name: CCTV-15, Total: 43, Valid: 17, Valid Percent: 39.53%, IPv4: 43, IPv6: 0, Min Delay: 633 ms, Max Speed: 4.16 M/s, Avg Speed: 1.36 M/s, Max Resolution: 1920x1080
Category: 📺央视频道, Name: CCTV-16, Total: 21, Valid: 13, Valid Percent: 61.90%, IPv4: 21, IPv6: 0, Min Delay: 516 ms, Max Speed: 6.20 M/s, Avg Speed: 1.82 M/s, Max Resolution: 1920x1080
Category: 📺央视频道, Name: CCTV-17, Total: 33, Valid: 17, Valid Percent: 51.52%, IPv4: 33, IPv6: 0, Min Delay: 51 ms, Max Speed: 84.62 M/s, Avg Speed: 10.80 M/s, Max Resolution: 1920x1080
Category: 📺央视频道, Name: CETV-1, Total: 42, Valid: 7, Valid Percent: 16.67%, IPv4: 42, IPv6: 0, Min Delay: 76 ms, Max Speed: 20.61 M/s, Avg Speed: 6.02 M/s, Max Resolution: 1920x1080
Category: 📺央视频道, Name: CETV-3, Total: 2, Valid: 1, Valid Percent: 50.00%, IPv4: 2, IPv6: 0, Min Delay: 663 ms, Max Speed: 4.10 M/s, Avg Speed: 4.10 M/s, Max Resolution: 720x576
Category: 📺央视频道, Name: CETV-2, Total: 31, Valid: 1, Valid Percent: 3.23%, IPv4: 31, IPv6: 0, Min Delay: 755 ms, Max Speed: 6.96 M/s, Avg Speed: 6.96 M/s, Max Resolution: 720x576
Category: 📺央视频道, Name: CETV-4, Total: 31, Valid: 1, Valid Percent: 3.23%, IPv4: 31, IPv6: 0, Min Delay: 756 ms, Max Speed: 6.89 M/s, Avg Speed: 6.89 M/s, Max Resolution: 720x576
Category: 📡卫视频道, Name: 香港卫视, Total: 2, Valid: 0, Valid Percent: 0.00%, IPv4: 2, IPv6: 0, Min Delay: -1 ms, Max Speed: 0.00 M/s, Avg Speed: 0.00 M/s, Max Resolution: None
Category: 📡卫视频道, Name: 广东卫视, Total: 45, Valid: 20, Valid Percent: 44.44%, IPv4: 45, IPv6: 0, Min Delay: 95 ms, Max Speed: 144.02 M/s, Avg Speed: 9.15 M/s, Max Resolution: 1920x1080
Category: 📡卫视频道, Name: 浙江卫视, Total: 37, Valid: 19, Valid Percent: 51.35%, IPv4: 37, IPv6: 0, Min Delay: 708 ms, Max Speed: 6.28 M/s, Avg Speed: 2.61 M/s, Max Resolution: 1920x1080
Category: 📡卫视频道, Name: 湖南卫视, Total: 45, Valid: 24, Valid Percent: 53.33%, IPv4: 45, IPv6: 0, Min Delay: 70 ms, Max Speed: 6.59 M/s, Avg Speed: 2.13 M/s, Max Resolution: 3840x2160
Category: 📡卫视频道, Name: 北京卫视, Total: 40, Valid: 15, Valid Percent: 37.50%, IPv4: 40, IPv6: 0, Min Delay: 69 ms, Max Speed: 6.45 M/s, Avg Speed: 1.62 M/s, Max Resolution: 1920x1080
Category: 📡卫视频道, Name: 湖北卫视, Total: 40, Valid: 18, Valid Percent: 45.00%, IPv4: 40, IPv6: 0, Min Delay: 414 ms, Max Speed: 5.72 M/s, Avg Speed: 0.99 M/s, Max Resolution: 1920x1080
Category: 📡卫视频道, Name: 黑龙江卫视, Total: 29, Valid: 14, Valid Percent: 48.28%, IPv4: 29, IPv6: 0, Min Delay: 725 ms, Max Speed: 6.61 M/s, Avg Speed: 1.19 M/s, Max Resolution: 1920x1080
Category: 📡卫视频道, Name: 安徽卫视, Total: 34, Valid: 18, Valid Percent: 52.94%, IPv4: 34, IPv6: 0, Min Delay: 449 ms, Max Speed: 6.21 M/s, Avg Speed: 1.35 M/s, Max Resolution: 1920x1080
Category: 📡卫视频道, Name: 重庆卫视, Total: 34, Valid: 13, Valid Percent: 38.24%, IPv4: 34, IPv6: 0, Min Delay: 756 ms, Max Speed: 5.46 M/s, Avg Speed: 1.01 M/s, Max Resolution: 1920x1080
Category: 📡卫视频道, Name: 东方卫视, Total: 39, Valid: 18, Valid Percent: 46.15%, IPv4: 39, IPv6: 0, Min Delay: 702 ms, Max Speed: 6.14 M/s, Avg Speed: 2.37 M/s, Max Resolution: 1920x1080
Category: 📡卫视频道, Name: 东南卫视, Total: 29, Valid: 15, Valid Percent: 51.72%, IPv4: 29, IPv6: 0, Min Delay: 452 ms, Max Speed: 5.45 M/s, Avg Speed: 1.03 M/s, Max Resolution: 1920x1080
Category: 📡卫视频道, Name: 甘肃卫视, Total: 16, Valid: 8, Valid Percent: 50.00%, IPv4: 16, IPv6: 0, Min Delay: 721 ms, Max Speed: 5.72 M/s, Avg Speed: 2.16 M/s, Max Resolution: 1920x1080
Category: 📡卫视频道, Name: 广西卫视, Total: 27, Valid: 10, Valid Percent: 37.04%, IPv4: 27, IPv6: 0, Min Delay: 699 ms, Max Speed: 5.93 M/s, Avg Speed: 1.34 M/s, Max Resolution: 1920x1080
Category: 📡卫视频道, Name: 贵州卫视, Total: 32, Valid: 16, Valid Percent: 50.00%, IPv4: 32, IPv6: 0, Min Delay: 60 ms, Max Speed: 83.43 M/s, Avg Speed: 7.24 M/s, Max Resolution: 1920x1080
Category: 📡卫视频道, Name: 海南卫视, Total: 12, Valid: 2, Valid Percent: 16.67%, IPv4: 12, IPv6: 0, Min Delay: 2269 ms, Max Speed: 1.11 M/s, Avg Speed: 0.83 M/s, Max Resolution: 1920x1080
Category: 📡卫视频道, Name: 河北卫视, Total: 29, Valid: 12, Valid Percent: 41.38%, IPv4: 29, IPv6: 0, Min Delay: 415 ms, Max Speed: 5.83 M/s, Avg Speed: 0.79 M/s, Max Resolution: 1920x1080
Category: 📡卫视频道, Name: 河南卫视, Total: 36, Valid: 13, Valid Percent: 36.11%, IPv4: 36, IPv6: 0, Min Delay: 713 ms, Max Speed: 5.82 M/s, Avg Speed: 1.03 M/s, Max Resolution: 1920x1080
Category: 📡卫视频道, Name: 吉林卫视, Total: 31, Valid: 16, Valid Percent: 51.61%, IPv4: 31, IPv6: 0, Min Delay: 415 ms, Max Speed: 5.86 M/s, Avg Speed: 0.91 M/s, Max Resolution: 1920x1080
Category: 📡卫视频道, Name: 江苏卫视, Total: 42, Valid: 20, Valid Percent: 47.62%, IPv4: 42, IPv6: 0, Min Delay: 425 ms, Max Speed: 6.39 M/s, Avg Speed: 2.39 M/s, Max Resolution: 1920x1080
Category: 📡卫视频道, Name: 江西卫视, Total: 35, Valid: 12, Valid Percent: 34.29%, IPv4: 35, IPv6: 0, Min Delay: 50 ms, Max Speed: 97.74 M/s, Avg Speed: 10.89 M/s, Max Resolution: 1920x1080
Category: 📡卫视频道, Name: 辽宁卫视, Total: 34, Valid: 14, Valid Percent: 41.18%, IPv4: 34, IPv6: 0, Min Delay: 717 ms, Max Speed: 6.07 M/s, Avg Speed: 2.31 M/s, Max Resolution: 1920x1080
Category: 📡卫视频道, Name: 内蒙古卫视, Total: 17, Valid: 8, Valid Percent: 47.06%, IPv4: 17, IPv6: 0, Min Delay: 53 ms, Max Speed: 106.78 M/s, Avg Speed: 24.98 M/s, Max Resolution: 1920x1080
Category: 📡卫视频道, Name: 宁夏卫视, Total: 25, Valid: 11, Valid Percent: 44.00%, IPv4: 25, IPv6: 0, Min Delay: 45 ms, Max Speed: 118.90 M/s, Avg Speed: 28.82 M/s, Max Resolution: 1920x1080
Category: 📡卫视频道, Name: 青海卫视, Total: 22, Valid: 7, Valid Percent: 31.82%, IPv4: 22, IPv6: 0, Min Delay: 682 ms, Max Speed: 5.68 M/s, Avg Speed: 1.84 M/s, Max Resolution: 1920x1080
Category: 📡卫视频道, Name: 山东卫视, Total: 28, Valid: 15, Valid Percent: 53.57%, IPv4: 28, IPv6: 0, Min Delay: 716 ms, Max Speed: 6.09 M/s, Avg Speed: 1.14 M/s, Max Resolution: 1920x1080
Category: 📡卫视频道, Name: 山西卫视, Total: 25, Valid: 10, Valid Percent: 40.00%, IPv4: 25, IPv6: 0, Min Delay: 50 ms, Max Speed: 100.25 M/s, Avg Speed: 19.13 M/s, Max Resolution: 1920x1080
Category: 📡卫视频道, Name: 陕西卫视, Total: 28, Valid: 9, Valid Percent: 32.14%, IPv4: 28, IPv6: 0, Min Delay: 99 ms, Max Speed: 53.67 M/s, Avg Speed: 8.41 M/s, Max Resolution: 1920x1080
Category: 📡卫视频道, Name: 四川卫视, Total: 41, Valid: 16, Valid Percent: 39.02%, IPv4: 41, IPv6: 0, Min Delay: 65 ms, Max Speed: 84.03 M/s, Avg Speed: 9.37 M/s, Max Resolution: 1920x1080
Category: 📡卫视频道, Name: 深圳卫视, Total: 30, Valid: 20, Valid Percent: 66.67%, IPv4: 30, IPv6: 0, Min Delay: 668 ms, Max Speed: 5.91 M/s, Avg Speed: 2.13 M/s, Max Resolution: 1920x1080
Category: 📡卫视频道, Name: 三沙卫视, Total: 11, Valid: 5, Valid Percent: 45.45%, IPv4: 11, IPv6: 0, Min Delay: 673 ms, Max Speed: 4.69 M/s, Avg Speed: 2.08 M/s, Max Resolution: 1920x1080
Category: 📡卫视频道, Name: 天津卫视, Total: 27, Valid: 16, Valid Percent: 59.26%, IPv4: 27, IPv6: 0, Min Delay: 447 ms, Max Speed: 5.71 M/s, Avg Speed: 0.95 M/s, Max Resolution: 1920x1080
Category: 📡卫视频道, Name: 西藏卫视, Total: 14, Valid: 7, Valid Percent: 50.00%, IPv4: 14, IPv6: 0, Min Delay: 68 ms, Max Speed: 64.28 M/s, Avg Speed: 11.71 M/s, Max Resolution: 1920x1080
Category: 📡卫视频道, Name: 新疆卫视, Total: 19, Valid: 10, Valid Percent: 52.63%, IPv4: 19, IPv6: 0, Min Delay: 44 ms, Max Speed: 115.09 M/s, Avg Speed: 12.88 M/s, Max Resolution: 1920x1080
Category: 📡卫视频道, Name: 云南卫视, Total: 29, Valid: 15, Valid Percent: 51.72%, IPv4: 29, IPv6: 0, Min Delay: 52 ms, Max Speed: 73.89 M/s, Avg Speed: 6.21 M/s, Max Resolution: 1920x1080
Category: ☘️广东频道, Name: 广东民生, Total: 3, Valid: 1, Valid Percent: 33.33%, IPv4: 3, IPv6: 0, Min Delay: 852 ms, Max Speed: 0.00 M/s, Avg Speed: 0.00 M/s, Max Resolution: 1920x1080
Category: ☘️广东频道, Name: 广东珠江, Total: 11, Valid: 9, Valid Percent: 81.82%, IPv4: 11, IPv6: 0, Min Delay: 627 ms, Max Speed: 4.79 M/s, Avg Speed: 2.54 M/s, Max Resolution: 1920x1080
Category: ☘️广东频道, Name: 广东体育, Total: 12, Valid: 8, Valid Percent: 66.67%, IPv4: 12, IPv6: 0, Min Delay: 412 ms, Max Speed: 4.84 M/s, Avg Speed: 1.55 M/s, Max Resolution: 1920x1080
Category: ☘️广东频道, Name: 广东新闻, Total: 3, Valid: 1, Valid Percent: 33.33%, IPv4: 3, IPv6: 0, Min Delay: 646 ms, Max Speed: 3.39 M/s, Avg Speed: 3.39 M/s, Max Resolution: 1280x720
Category: ☘️广东频道, Name: 大湾区卫视, Total: 11, Valid: 7, Valid Percent: 63.64%, IPv4: 11, IPv6: 0, Min Delay: 732 ms, Max Speed: 6.70 M/s, Avg Speed: 3.63 M/s, Max Resolution: 1920x1080
Category: ☘️广东频道, Name: 广州影视, Total: 1, Valid: 0, Valid Percent: 0.00%, IPv4: 1, IPv6: 0, Min Delay: -1 ms, Max Speed: 0.00 M/s, Avg Speed: 0.00 M/s, Max Resolution: None
